// Jest Snapshot v1, https://goo.gl/fbAQLP

exports[`Home snapshot 1`] = `
<div>
  <span
    class="text-3xl font-bold"
  >
    splato.one
  </span>
</div>
`;
